===== Transmission Log Started =====
[1785259453] SENT Packet 0
[1785259453] SENT Packet 1
[1785259453] CORRUPTED Packet 0
[1785259453] RECEIVED Packet 0
[1785259453] LOST Packet 1
[1785259459] TIMEOUT OCCURRED
[1785259459] RETRANSMITTED Packet 0
[1785259459] RETRANSMITTED Packet 1
[1785259459] RECEIVED Packet 0
[1785259459] ACK Packet 0
[1785259459] RECEIVED Packet 1
[1785259459] ACK Packet 1
[1785259459] SENT Packet 2
[1785259459] SENT Packet 3
[1785259459] SENT Packet 4
[1785259459] RECEIVED Packet 2
[1785259459] ACK Packet 2
[1785259459] DELAYED Packet 3
[1785259460] RECEIVED Packet 3
[1785259460] ACK Packet 3
[1785259460] LOST Packet 4
[1785259466] TIMEOUT OCCURRED
[1785259466] RETRANSMITTED Packet 4
[1785259466] RECEIVED Packet 4
[1785259466] ACK Packet 4
[1785259466] SENT Packet 5
[1785259466] SENT Packet 6
[1785259466] SENT Packet 7
[1785259466] SENT Packet 8
[1785259466] SENT Packet 9
[1785259466] DELAYED Packet 5
[1785259467] RECEIVED Packet 5
[1785259467] ACK Packet 5
[1785259467] RECEIVED Packet 6
[1785259467] ACK Packet 6
[1785259467] LOST Packet 7
[1785259467] RECEIVED Packet 8
[1785259467] ACK Packet 6
[1785259467] LOST Packet 9
[1785259473] TIMEOUT OCCURRED
[1785259473] RETRANSMITTED Packet 7
[1785259473] RETRANSMITTED Packet 8
[1785259473] RETRANSMITTED Packet 9
[1785259473] RECEIVED Packet 7
[1785259473] ACK Packet 7
[1785259473] RECEIVED Packet 8
[1785259473] ACK Packet 8
[1785259473] RECEIVED Packet 9
[1785259473] ACK Packet 9
===== Transmission Ended =====
